===============================
472693.pbshpc
cice001.hpc.iitd.ac.in
===============================
conda env activating
Using cpu device
-----------------------------
| time/              |      |
|    fps             | 114  |
|    iterations      | 1    |
|    time_elapsed    | 17   |
|    total_timesteps | 2048 |
-----------------------------
----------------------------------------
| time/                   |            |
|    fps                  | 111        |
|    iterations           | 2          |
|    time_elapsed         | 36         |
|    total_timesteps      | 4096       |
| train/                  |            |
|    approx_kl            | 0.05275953 |
|    clip_fraction        | 0.494      |
|    clip_range           | 0.2        |
|    entropy_loss         | -119       |
|    explained_variance   | -0.024     |
|    learning_rate        | 0.0003     |
|    loss                 | 9.35       |
|    n_updates            | 10         |
|    policy_gradient_loss | -0.043     |
|    std                  | 1          |
|    value_loss           | 20.4       |
----------------------------------------
----------------------------------------
| time/                   |            |
|    fps                  | 110        |
|    iterations           | 3          |
|    time_elapsed         | 55         |
|    total_timesteps      | 6144       |
| train/                  |            |
|    approx_kl            | 0.09387992 |
|    clip_fraction        | 0.567      |
|    clip_range           | 0.2        |
|    entropy_loss         | -119       |
|    explained_variance   | 0.0213     |
|    learning_rate        | 0.0003     |
|    loss                 | 8.63       |
|    n_updates            | 20         |
|    policy_gradient_loss | -0.0149    |
|    std                  | 0.999      |
|    value_loss           | 19.4       |
----------------------------------------
----------------------------------------
| time/                   |            |
|    fps                  | 109        |
|    iterations           | 4          |
|    time_elapsed         | 74         |
|    total_timesteps      | 8192       |
| train/                  |            |
|    approx_kl            | 0.11520893 |
|    clip_fraction        | 0.591      |
|    clip_range           | 0.2        |
|    entropy_loss         | -119       |
|    explained_variance   | 0.0478     |
|    learning_rate        | 0.0003     |
|    loss                 | 8.29       |
|    n_updates            | 30         |
|    policy_gradient_loss | 0.00129    |
|    std                  | 1          |
|    value_loss           | 21.1       |
----------------------------------------
----------------------------------------
| time/                   |            |
|    fps                  | 109        |
|    iterations           | 5          |
|    time_elapsed         | 93         |
|    total_timesteps      | 10240      |
| train/                  |            |
|    approx_kl            | 0.11275278 |
|    clip_fraction        | 0.586      |
|    clip_range           | 0.2        |
|    entropy_loss         | -119       |
|    explained_variance   | 0.04       |
|    learning_rate        | 0.0003     |
|    loss                 | 10.9       |
|    n_updates            | 40         |
|    policy_gradient_loss | -0.00481   |
|    std                  | 1          |
|    value_loss           | 16.5       |
----------------------------------------
--------------------------------------
| time/                   |          |
|    fps                  | 109      |
|    iterations           | 6        |
|    time_elapsed         | 112      |
|    total_timesteps      | 12288    |
| train/                  |          |
|    approx_kl            | 0.150749 |
|    clip_fraction        | 0.596    |
|    clip_range           | 0.2      |
|    entropy_loss         | -119     |
|    explained_variance   | 0.0148   |
|    learning_rate        | 0.0003   |
|    loss                 | 12.9     |
|    n_updates            | 50       |
|    policy_gradient_loss | 0.00231  |
|    std                  | 1        |
|    value_loss           | 35.2     |
--------------------------------------
day: 1508, episode: 10
begin_total_asset: 1000000.00
end_total_asset: 2654327.38
total_reward: 1654327.38
total_cost: 423701.95
total_trades: 112122
Sharpe: 0.989
=================================
----------------------------------------
| time/                   |            |
|    fps                  | 109        |
|    iterations           | 7          |
|    time_elapsed         | 131        |
|    total_timesteps      | 14336      |
| train/                  |            |
|    approx_kl            | 0.15416506 |
|    clip_fraction        | 0.638      |
|    clip_range           | 0.2        |
|    entropy_loss         | -119       |
|    explained_variance   | 0.000606   |
|    learning_rate        | 0.0003     |
|    loss                 | 5.61       |
|    n_updates            | 60         |
|    policy_gradient_loss | 0.0233     |
|    std                  | 1          |
|    value_loss           | 30.1       |
----------------------------------------
----------------------------------------
| time/                   |            |
|    fps                  | 109        |
|    iterations           | 8          |
|    time_elapsed         | 150        |
|    total_timesteps      | 16384      |
| train/                  |            |
|    approx_kl            | 0.10321696 |
|    clip_fraction        | 0.627      |
|    clip_range           | 0.2        |
|    entropy_loss         | -119       |
|    explained_variance   | 0.051      |
|    learning_rate        | 0.0003     |
|    loss                 | 11.5       |
|    n_updates            | 70         |
|    policy_gradient_loss | 0.0114     |
|    std                  | 1          |
|    value_loss           | 25.5       |
----------------------------------------
----------------------------------------
| time/                   |            |
|    fps                  | 108        |
|    iterations           | 9          |
|    time_elapsed         | 169        |
|    total_timesteps      | 18432      |
| train/                  |            |
|    approx_kl            | 0.14589053 |
|    clip_fraction        | 0.56       |
|    clip_range           | 0.2        |
|    entropy_loss         | -119       |
|    explained_variance   | 0.101      |
|    learning_rate        | 0.0003     |
|    loss                 | 8.17       |
|    n_updates            | 80         |
|    policy_gradient_loss | 0.00862    |
|    std                  | 1          |
|    value_loss           | 20.5       |
----------------------------------------
-----------------------------------------
| time/                   |             |
|    fps                  | 108         |
|    iterations           | 10          |
|    time_elapsed         | 188         |
|    total_timesteps      | 20480       |
| train/                  |             |
|    approx_kl            | 0.116625905 |
|    clip_fraction        | 0.597       |
|    clip_range           | 0.2         |
|    entropy_loss         | -120        |
|    explained_variance   | 0.00998     |
|    learning_rate        | 0.0003      |
|    loss                 | 17.3        |
|    n_updates            | 90          |
|    policy_gradient_loss | 0.00881     |
|    std                  | 1           |
|    value_loss           | 25.7        |
-----------------------------------------
-----------------------------------------
| time/                   |             |
|    fps                  | 108         |
|    iterations           | 11          |
|    time_elapsed         | 207         |
|    total_timesteps      | 22528       |
| train/                  |             |
|    approx_kl            | 0.082083166 |
|    clip_fraction        | 0.525       |
|    clip_range           | 0.2         |
|    entropy_loss         | -120        |
|    explained_variance   | 0.0246      |
|    learning_rate        | 0.0003      |
|    loss                 | 15.1        |
|    n_updates            | 100         |
|    policy_gradient_loss | -0.00501    |
|    std                  | 1.01        |
|    value_loss           | 30.8        |
-----------------------------------------
----------------------------------------
| time/                   |            |
|    fps                  | 108        |
|    iterations           | 12         |
|    time_elapsed         | 226        |
|    total_timesteps      | 24576      |
| train/                  |            |
|    approx_kl            | 0.06606816 |
|    clip_fraction        | 0.481      |
|    clip_range           | 0.2        |
|    entropy_loss         | -120       |
|    explained_variance   | 0.111      |
|    learning_rate        | 0.0003     |
|    loss                 | 10.6       |
|    n_updates            | 110        |
|    policy_gradient_loss | -0.016     |
|    std                  | 1.01       |
|    value_loss           | 19.9       |
----------------------------------------
-----------------------------------------
| time/                   |             |
|    fps                  | 108         |
|    iterations           | 13          |
|    time_elapsed         | 245         |
|    total_timesteps      | 26624       |
| train/                  |             |
|    approx_kl            | 0.086127974 |
|    clip_fraction        | 0.513       |
|    clip_range           | 0.2         |
|    entropy_loss         | -120        |
|    explained_variance   | 0.0551      |
|    learning_rate        | 0.0003      |
|    loss                 | 8.87        |
|    n_updates            | 120         |
|    policy_gradient_loss | -0.00449    |
|    std                  | 1.01        |
|    value_loss           | 22.3        |
-----------------------------------------
day: 1508, episode: 20
begin_total_asset: 1000000.00
end_total_asset: 2108856.35
total_reward: 1108856.35
total_cost: 399717.09
total_trades: 112069
Sharpe: 0.768
=================================
----------------------------------------
| time/                   |            |
|    fps                  | 108        |
|    iterations           | 14         |
|    time_elapsed         | 264        |
|    total_timesteps      | 28672      |
| train/                  |            |
|    approx_kl            | 0.10009843 |
|    clip_fraction        | 0.483      |
|    clip_range           | 0.2        |
|    entropy_loss         | -120       |
|    explained_variance   | 0.0334     |
|    learning_rate        | 0.0003     |
|    loss                 | 7.03       |
|    n_updates            | 130        |
|    policy_gradient_loss | -0.00791   |
|    std                  | 1.01       |
|    value_loss           | 19.2       |
----------------------------------------
----------------------------------------
| time/                   |            |
|    fps                  | 108        |
|    iterations           | 15         |
|    time_elapsed         | 283        |
|    total_timesteps      | 30720      |
| train/                  |            |
|    approx_kl            | 0.07028995 |
|    clip_fraction        | 0.481      |
|    clip_range           | 0.2        |
|    entropy_loss         | -120       |
|    explained_variance   | 0.109      |
|    learning_rate        | 0.0003     |
|    loss                 | 6.93       |
|    n_updates            | 140        |
|    policy_gradient_loss | -0.0121    |
|    std                  | 1.01       |
|    value_loss           | 23.7       |
----------------------------------------
----------------------------------------
| time/                   |            |
|    fps                  | 108        |
|    iterations           | 16         |
|    time_elapsed         | 303        |
|    total_timesteps      | 32768      |
| train/                  |            |
|    approx_kl            | 0.12019734 |
|    clip_fraction        | 0.602      |
|    clip_range           | 0.2        |
|    entropy_loss         | -120       |
|    explained_variance   | 0.102      |
|    learning_rate        | 0.0003     |
|    loss                 | 9.46       |
|    n_updates            | 150        |
|    policy_gradient_loss | -0.000643  |
|    std                  | 1.01       |
|    value_loss           | 14.3       |
----------------------------------------
----------------------------------------
| time/                   |            |
|    fps                  | 107        |
|    iterations           | 17         |
|    time_elapsed         | 322        |
|    total_timesteps      | 34816      |
| train/                  |            |
|    approx_kl            | 0.11452457 |
|    clip_fraction        | 0.582      |
|    clip_range           | 0.2        |
|    entropy_loss         | -120       |
|    explained_variance   | 0.176      |
|    learning_rate        | 0.0003     |
|    loss                 | 9.23       |
|    n_updates            | 160        |
|    policy_gradient_loss | 0.0112     |
|    std                  | 1.01       |
|    value_loss           | 16.4       |
----------------------------------------
----------------------------------------
| time/                   |            |
|    fps                  | 107        |
|    iterations           | 18         |
|    time_elapsed         | 342        |
|    total_timesteps      | 36864      |
| train/                  |            |
|    approx_kl            | 0.08387784 |
|    clip_fraction        | 0.529      |
|    clip_range           | 0.2        |
|    entropy_loss         | -120       |
|    explained_variance   | 0.205      |
|    learning_rate        | 0.0003     |
|    loss                 | 10.7       |
|    n_updates            | 170        |
|    policy_gradient_loss | -0.00966   |
|    std                  | 1.01       |
|    value_loss           | 23.9       |
----------------------------------------
----------------------------------------
| time/                   |            |
|    fps                  | 107        |
|    iterations           | 19         |
|    time_elapsed         | 362        |
|    total_timesteps      | 38912      |
| train/                  |            |
|    approx_kl            | 0.10984947 |
|    clip_fraction        | 0.511      |
|    clip_range           | 0.2        |
|    entropy_loss         | -120       |
|    explained_variance   | 0.275      |
|    learning_rate        | 0.0003     |
|    loss                 | 7.5        |
|    n_updates            | 180        |
|    policy_gradient_loss | 0.00589    |
|    std                  | 1.01       |
|    value_loss           | 14.4       |
----------------------------------------
----------------------------------------
| time/                   |            |
|    fps                  | 107        |
|    iterations           | 20         |
|    time_elapsed         | 382        |
|    total_timesteps      | 40960      |
| train/                  |            |
|    approx_kl            | 0.08027554 |
|    clip_fraction        | 0.524      |
|    clip_range           | 0.2        |
|    entropy_loss         | -120       |
|    explained_variance   | 0.216      |
|    learning_rate        | 0.0003     |
|    loss                 | 16.4       |
|    n_updates            | 190        |
|    policy_gradient_loss | 0.00322    |
|    std                  | 1.01       |
|    value_loss           | 23.7       |
----------------------------------------
-----------------------------------------
| time/                   |             |
|    fps                  | 106         |
|    iterations           | 21          |
|    time_elapsed         | 402         |
|    total_timesteps      | 43008       |
| train/                  |             |
|    approx_kl            | 0.063429356 |
|    clip_fraction        | 0.437       |
|    clip_range           | 0.2         |
|    entropy_loss         | -120        |
|    explained_variance   | 0.333       |
|    learning_rate        | 0.0003      |
|    loss                 | 14          |
|    n_updates            | 200         |
|    policy_gradient_loss | -0.0154     |
|    std                  | 1.01        |
|    value_loss           | 34.4        |
-----------------------------------------
day: 1508, episode: 30
begin_total_asset: 1000000.00
end_total_asset: 2321601.90
total_reward: 1321601.90
total_cost: 356697.85
total_trades: 108446
Sharpe: 0.951
=================================
---------------------------------------
| time/                   |           |
|    fps                  | 106       |
|    iterations           | 22        |
|    time_elapsed         | 422       |
|    total_timesteps      | 45056     |
| train/                  |           |
|    approx_kl            | 0.0735673 |
|    clip_fraction        | 0.468     |
|    clip_range           | 0.2       |
|    entropy_loss         | -120      |
|    explained_variance   | 0.241     |
|    learning_rate        | 0.0003    |
|    loss                 | 12.5      |
|    n_updates            | 210       |
|    policy_gradient_loss | -0.00664  |
|    std                  | 1.01      |
|    value_loss           | 23.8      |
---------------------------------------
----------------------------------------
| time/                   |            |
|    fps                  | 106        |
|    iterations           | 23         |
|    time_elapsed         | 442        |
|    total_timesteps      | 47104      |
| train/                  |            |
|    approx_kl            | 0.07789707 |
|    clip_fraction        | 0.533      |
|    clip_range           | 0.2        |
|    entropy_loss         | -120       |
|    explained_variance   | 0.0485     |
|    learning_rate        | 0.0003     |
|    loss                 | 7.8        |
|    n_updates            | 220        |
|    policy_gradient_loss | -0.0078    |
|    std                  | 1.01       |
|    value_loss           | 18.2       |
----------------------------------------
----------------------------------------
| time/                   |            |
|    fps                  | 106        |
|    iterations           | 24         |
|    time_elapsed         | 462        |
|    total_timesteps      | 49152      |
| train/                  |            |
|    approx_kl            | 0.06585934 |
|    clip_fraction        | 0.49       |
|    clip_range           | 0.2        |
|    entropy_loss         | -120       |
|    explained_variance   | 0.136      |
|    learning_rate        | 0.0003     |
|    loss                 | 12         |
|    n_updates            | 230        |
|    policy_gradient_loss | -0.00409   |
|    std                  | 1          |
|    value_loss           | 28.3       |
----------------------------------------
---------------------------------------
| time/                   |           |
|    fps                  | 105       |
|    iterations           | 25        |
|    time_elapsed         | 483       |
|    total_timesteps      | 51200     |
| train/                  |           |
|    approx_kl            | 0.0699089 |
|    clip_fraction        | 0.489     |
|    clip_range           | 0.2       |
|    entropy_loss         | -120      |
|    explained_variance   | 0.0342    |
|    learning_rate        | 0.0003    |
|    loss                 | 16.3      |
|    n_updates            | 240       |
|    policy_gradient_loss | -0.00494  |
|    std                  | 1         |
|    value_loss           | 32.3      |
---------------------------------------
-----------------------------------------
| time/                   |             |
|    fps                  | 105         |
|    iterations           | 26          |
|    time_elapsed         | 502         |
|    total_timesteps      | 53248       |
| train/                  |             |
|    approx_kl            | 0.064142354 |
|    clip_fraction        | 0.502       |
|    clip_range           | 0.2         |
|    entropy_loss         | -120        |
|    explained_variance   | 0.219       |
|    learning_rate        | 0.0003      |
|    loss                 | 13.1        |
|    n_updates            | 250         |
|    policy_gradient_loss | -0.00221    |
|    std                  | 1.01        |
|    value_loss           | 16.4        |
-----------------------------------------
----------------------------------------
| time/                   |            |
|    fps                  | 105        |
|    iterations           | 27         |
|    time_elapsed         | 522        |
|    total_timesteps      | 55296      |
| train/                  |            |
|    approx_kl            | 0.07520221 |
|    clip_fraction        | 0.45       |
|    clip_range           | 0.2        |
|    entropy_loss         | -120       |
|    explained_variance   | 0.275      |
|    learning_rate        | 0.0003     |
|    loss                 | 6.35       |
|    n_updates            | 260        |
|    policy_gradient_loss | -0.00866   |
|    std                  | 1.01       |
|    value_loss           | 20.7       |
----------------------------------------
-----------------------------------------
| time/                   |             |
|    fps                  | 105         |
|    iterations           | 28          |
|    time_elapsed         | 542         |
|    total_timesteps      | 57344       |
| train/                  |             |
|    approx_kl            | 0.079555765 |
|    clip_fraction        | 0.516       |
|    clip_range           | 0.2         |
|    entropy_loss         | -120        |
|    explained_variance   | 0.208       |
|    learning_rate        | 0.0003      |
|    loss                 | 5.74        |
|    n_updates            | 270         |
|    policy_gradient_loss | -0.000928   |
|    std                  | 1.01        |
|    value_loss           | 24.6        |
-----------------------------------------
day: 1508, episode: 40
begin_total_asset: 1000000.00
end_total_asset: 2228670.95
total_reward: 1228670.95
total_cost: 339624.33
total_trades: 107422
Sharpe: 0.911
=================================
----------------------------------------
| time/                   |            |
|    fps                  | 105        |
|    iterations           | 29         |
|    time_elapsed         | 561        |
|    total_timesteps      | 59392      |
| train/                  |            |
|    approx_kl            | 0.06874984 |
|    clip_fraction        | 0.433      |
|    clip_range           | 0.2        |
|    entropy_loss         | -120       |
|    explained_variance   | 0.279      |
|    learning_rate        | 0.0003     |
|    loss                 | 10.1       |
|    n_updates            | 280        |
|    policy_gradient_loss | -0.0139    |
|    std                  | 1.01       |
|    value_loss           | 24         |
----------------------------------------
----------------------------------------
| time/                   |            |
|    fps                  | 105        |
|    iterations           | 30         |
|    time_elapsed         | 581        |
|    total_timesteps      | 61440      |
| train/                  |            |
|    approx_kl            | 0.07451238 |
|    clip_fraction        | 0.534      |
|    clip_range           | 0.2        |
|    entropy_loss         | -120       |
|    explained_variance   | 0.363      |
|    learning_rate        | 0.0003     |
|    loss                 | 9.25       |
|    n_updates            | 290        |
|    policy_gradient_loss | -0.00625   |
|    std                  | 1.01       |
|    value_loss           | 15.2       |
----------------------------------------
----------------------------------------
| time/                   |            |
|    fps                  | 105        |
|    iterations           | 31         |
|    time_elapsed         | 601        |
|    total_timesteps      | 63488      |
| train/                  |            |
|    approx_kl            | 0.06944505 |
|    clip_fraction        | 0.436      |
|    clip_range           | 0.2        |
|    entropy_loss         | -120       |
|    explained_variance   | 0.389      |
|    learning_rate        | 0.0003     |
|    loss                 | 12.4       |
|    n_updates            | 300        |
|    policy_gradient_loss | -0.00869   |
|    std                  | 1.01       |
|    value_loss           | 27.4       |
----------------------------------------
----------------------------------------
| time/                   |            |
|    fps                  | 105        |
|    iterations           | 32         |
|    time_elapsed         | 620        |
|    total_timesteps      | 65536      |
| train/                  |            |
|    approx_kl            | 0.09895431 |
|    clip_fraction        | 0.54       |
|    clip_range           | 0.2        |
|    entropy_loss         | -120       |
|    explained_variance   | 0.311      |
|    learning_rate        | 0.0003     |
|    loss                 | 11.4       |
|    n_updates            | 310        |
|    policy_gradient_loss | -0.00117   |
|    std                  | 1.01       |
|    value_loss           | 30.2       |
----------------------------------------
----------------------------------------
| time/                   |            |
|    fps                  | 105        |
|    iterations           | 33         |
|    time_elapsed         | 640        |
|    total_timesteps      | 67584      |
| train/                  |            |
|    approx_kl            | 0.09109452 |
|    clip_fraction        | 0.575      |
|    clip_range           | 0.2        |
|    entropy_loss         | -120       |
|    explained_variance   | 0.475      |
|    learning_rate        | 0.0003     |
|    loss                 | 7.19       |
|    n_updates            | 320        |
|    policy_gradient_loss | -0.00868   |
|    std                  | 1.01       |
|    value_loss           | 14.2       |
----------------------------------------
---------------------------------------
| time/                   |           |
|    fps                  | 105       |
|    iterations           | 34        |
|    time_elapsed         | 660       |
|    total_timesteps      | 69632     |
| train/                  |           |
|    approx_kl            | 0.0959564 |
|    clip_fraction        | 0.532     |
|    clip_range           | 0.2       |
|    entropy_loss         | -120      |
|    explained_variance   | 0.552     |
|    learning_rate        | 0.0003    |
|    loss                 | 10.5      |
|    n_updates            | 330       |
|    policy_gradient_loss | 0.00635   |
|    std                  | 1.01      |
|    value_loss           | 21.9      |
---------------------------------------
----------------------------------------
| time/                   |            |
|    fps                  | 105        |
|    iterations           | 35         |
|    time_elapsed         | 680        |
|    total_timesteps      | 71680      |
| train/                  |            |
|    approx_kl            | 0.07002647 |
|    clip_fraction        | 0.454      |
|    clip_range           | 0.2        |
|    entropy_loss         | -120       |
|    explained_variance   | 0.161      |
|    learning_rate        | 0.0003     |
|    loss                 | 34.3       |
|    n_updates            | 340        |
|    policy_gradient_loss | -0.0128    |
|    std                  | 1.01       |
|    value_loss           | 64.8       |
----------------------------------------
----------------------------------------
| time/                   |            |
|    fps                  | 105        |
|    iterations           | 36         |
|    time_elapsed         | 700        |
|    total_timesteps      | 73728      |
| train/                  |            |
|    approx_kl            | 0.05516697 |
|    clip_fraction        | 0.418      |
|    clip_range           | 0.2        |
|    entropy_loss         | -120       |
|    explained_variance   | 0.498      |
|    learning_rate        | 0.0003     |
|    loss                 | 10.2       |
|    n_updates            | 350        |
|    policy_gradient_loss | -0.00949   |
|    std                  | 1.01       |
|    value_loss           | 38.1       |
----------------------------------------
day: 1508, episode: 50
begin_total_asset: 1000000.00
end_total_asset: 2944202.40
total_reward: 1944202.40
total_cost: 325302.55
total_trades: 106735
Sharpe: 1.143
=================================
-----------------------------------------
| time/                   |             |
|    fps                  | 104         |
|    iterations           | 37          |
|    time_elapsed         | 722         |
|    total_timesteps      | 75776       |
| train/                  |             |
|    approx_kl            | 0.051058218 |
|    clip_fraction        | 0.377       |
|    clip_range           | 0.2         |
|    entropy_loss         | -120        |
|    explained_variance   | 0.42        |
|    learning_rate        | 0.0003      |
|    loss                 | 24.8        |
|    n_updates            | 360         |
|    policy_gradient_loss | -0.0132     |
|    std                  | 1.01        |
|    value_loss           | 53.3        |
-----------------------------------------
-----------------------------------------
| time/                   |             |
|    fps                  | 104         |
|    iterations           | 38          |
|    time_elapsed         | 741         |
|    total_timesteps      | 77824       |
| train/                  |             |
|    approx_kl            | 0.045289204 |
|    clip_fraction        | 0.398       |
|    clip_range           | 0.2         |
|    entropy_loss         | -120        |
|    explained_variance   | 0.504       |
|    learning_rate        | 0.0003      |
|    loss                 | 31.7        |
|    n_updates            | 370         |
|    policy_gradient_loss | -0.0103     |
|    std                  | 1.01        |
|    value_loss           | 56.3        |
-----------------------------------------
----------------------------------------
| time/                   |            |
|    fps                  | 104        |
|    iterations           | 39         |
|    time_elapsed         | 761        |
|    total_timesteps      | 79872      |
| train/                  |            |
|    approx_kl            | 0.06433213 |
|    clip_fraction        | 0.449      |
|    clip_range           | 0.2        |
|    entropy_loss         | -120       |
|    explained_variance   | 0.0164     |
|    learning_rate        | 0.0003     |
|    loss                 | 40.4       |
|    n_updates            | 380        |
|    policy_gradient_loss | -0.0106    |
|    std                  | 1.01       |
|    value_loss           | 74.8       |
----------------------------------------
----------------------------------------
| time/                   |            |
|    fps                  | 104        |
|    iterations           | 40         |
|    time_elapsed         | 781        |
|    total_timesteps      | 81920      |
| train/                  |            |
|    approx_kl            | 0.04406985 |
|    clip_fraction        | 0.386      |
|    clip_range           | 0.2        |
|    entropy_loss         | -120       |
|    explained_variance   | 0.0401     |
|    learning_rate        | 0.0003     |
|    loss                 | 66.5       |
|    n_updates            | 390        |
|    policy_gradient_loss | -0.0132    |
|    std                  | 1.01       |
|    value_loss           | 136        |
----------------------------------------
-----------------------------------------
| time/                   |             |
|    fps                  | 104         |
|    iterations           | 41          |
|    time_elapsed         | 800         |
|    total_timesteps      | 83968       |
| train/                  |             |
|    approx_kl            | 0.086004615 |
|    clip_fraction        | 0.524       |
|    clip_range           | 0.2         |
|    entropy_loss         | -120        |
|    explained_variance   | 0.531       |
|    learning_rate        | 0.0003      |
|    loss                 | 40.1        |
|    n_updates            | 400         |
|    policy_gradient_loss | -0.000151   |
|    std                  | 1.01        |
|    value_loss           | 66.4        |
-----------------------------------------
----------------------------------------
| time/                   |            |
|    fps                  | 104        |
|    iterations           | 42         |
|    time_elapsed         | 819        |
|    total_timesteps      | 86016      |
| train/                  |            |
|    approx_kl            | 0.06418586 |
|    clip_fraction        | 0.466      |
|    clip_range           | 0.2        |
|    entropy_loss         | -120       |
|    explained_variance   | 0.519      |
|    learning_rate        | 0.0003     |
|    loss                 | 15.3       |
|    n_updates            | 410        |
|    policy_gradient_loss | -0.0153    |
|    std                  | 1.01       |
|    value_loss           | 38.8       |
----------------------------------------
-----------------------------------------
| time/                   |             |
|    fps                  | 104         |
|    iterations           | 43          |
|    time_elapsed         | 838         |
|    total_timesteps      | 88064       |
| train/                  |             |
|    approx_kl            | 0.059953466 |
|    clip_fraction        | 0.434       |
|    clip_range           | 0.2         |
|    entropy_loss         | -120        |
|    explained_variance   | 0.645       |
|    learning_rate        | 0.0003      |
|    loss                 | 34.8        |
|    n_updates            | 420         |
|    policy_gradient_loss | -0.00779    |
|    std                  | 1.01        |
|    value_loss           | 46.6        |
-----------------------------------------
day: 1508, episode: 60
begin_total_asset: 1000000.00
end_total_asset: 2578045.00
total_reward: 1578045.00
total_cost: 304525.04
total_trades: 104351
Sharpe: 1.099
=================================
---------------------------------------
| time/                   |           |
|    fps                  | 104       |
|    iterations           | 44        |
|    time_elapsed         | 859       |
|    total_timesteps      | 90112     |
| train/                  |           |
|    approx_kl            | 0.0651793 |
|    clip_fraction        | 0.431     |
|    clip_range           | 0.2       |
|    entropy_loss         | -120      |
|    explained_variance   | 0.539     |
|    learning_rate        | 0.0003    |
|    loss                 | 8.73      |
|    n_updates            | 430       |
|    policy_gradient_loss | -0.00965  |
|    std                  | 1.01      |
|    value_loss           | 27.2      |
---------------------------------------
-----------------------------------------
| time/                   |             |
|    fps                  | 104         |
|    iterations           | 45          |
|    time_elapsed         | 883         |
|    total_timesteps      | 92160       |
| train/                  |             |
|    approx_kl            | 0.068055235 |
|    clip_fraction        | 0.452       |
|    clip_range           | 0.2         |
|    entropy_loss         | -120        |
|    explained_variance   | 0.602       |
|    learning_rate        | 0.0003      |
|    loss                 | 13.6        |
|    n_updates            | 440         |
|    policy_gradient_loss | -0.0102     |
|    std                  | 1.01        |
|    value_loss           | 22.8        |
-----------------------------------------
----------------------------------------
| time/                   |            |
|    fps                  | 103        |
|    iterations           | 46         |
|    time_elapsed         | 909        |
|    total_timesteps      | 94208      |
| train/                  |            |
|    approx_kl            | 0.05241431 |
|    clip_fraction        | 0.48       |
|    clip_range           | 0.2        |
|    entropy_loss         | -120       |
|    explained_variance   | 0.675      |
|    learning_rate        | 0.0003     |
|    loss                 | 18.8       |
|    n_updates            | 450        |
|    policy_gradient_loss | -0.0103    |
|    std                  | 1.01       |
|    value_loss           | 33.6       |
----------------------------------------
-----------------------------------------
| time/                   |             |
|    fps                  | 102         |
|    iterations           | 47          |
|    time_elapsed         | 935         |
|    total_timesteps      | 96256       |
| train/                  |             |
|    approx_kl            | 0.076302215 |
|    clip_fraction        | 0.485       |
|    clip_range           | 0.2         |
|    entropy_loss         | -120        |
|    explained_variance   | 0.54        |
|    learning_rate        | 0.0003      |
|    loss                 | 15.7        |
|    n_updates            | 460         |
|    policy_gradient_loss | -0.0123     |
|    std                  | 1.01        |
|    value_loss           | 22.9        |
-----------------------------------------
----------------------------------------
| time/                   |            |
|    fps                  | 102        |
|    iterations           | 48         |
|    time_elapsed         | 957        |
|    total_timesteps      | 98304      |
| train/                  |            |
|    approx_kl            | 0.06372474 |
|    clip_fraction        | 0.42       |
|    clip_range           | 0.2        |
|    entropy_loss         | -120       |
|    explained_variance   | 0.328      |
|    learning_rate        | 0.0003     |
|    loss                 | 12.8       |
|    n_updates            | 470        |
|    policy_gradient_loss | -0.0224    |
|    std                  | 1.01       |
|    value_loss           | 21.8       |
----------------------------------------
-----------------------------------------
| time/                   |             |
|    fps                  | 102         |
|    iterations           | 49          |
|    time_elapsed         | 979         |
|    total_timesteps      | 100352      |
| train/                  |             |
|    approx_kl            | 0.062699884 |
|    clip_fraction        | 0.387       |
|    clip_range           | 0.2         |
|    entropy_loss         | -120        |
|    explained_variance   | 0.401       |
|    learning_rate        | 0.0003      |
|    loss                 | 14.1        |
|    n_updates            | 480         |
|    policy_gradient_loss | -0.023      |
|    std                  | 1.01        |
|    value_loss           | 24.4        |
-----------------------------------------
-----------------------------------------
| time/                   |             |
|    fps                  | 101         |
|    iterations           | 50          |
|    time_elapsed         | 1006        |
|    total_timesteps      | 102400      |
| train/                  |             |
|    approx_kl            | 0.085204735 |
|    clip_fraction        | 0.443       |
|    clip_range           | 0.2         |
|    entropy_loss         | -120        |
|    explained_variance   | 0.359       |
|    learning_rate        | 0.0003      |
|    loss                 | 7.62        |
|    n_updates            | 490         |
|    policy_gradient_loss | -0.0167     |
|    std                  | 1.01        |
|    value_loss           | 15.2        |
-----------------------------------------
day: 1508, episode: 70
begin_total_asset: 1000000.00
end_total_asset: 2093512.10
total_reward: 1093512.10
total_cost: 348885.61
total_trades: 108080
Sharpe: 0.815
=================================
----------------------------------------
| time/                   |            |
|    fps                  | 101        |
|    iterations           | 51         |
|    time_elapsed         | 1031       |
|    total_timesteps      | 104448     |
| train/                  |            |
|    approx_kl            | 0.07887022 |
|    clip_fraction        | 0.489      |
|    clip_range           | 0.2        |
|    entropy_loss         | -120       |
|    explained_variance   | 0.000248   |
|    learning_rate        | 0.0003     |
|    loss                 | 10.5       |
|    n_updates            | 500        |
|    policy_gradient_loss | -0.0251    |
|    std                  | 1.01       |
|    value_loss           | 23         |
----------------------------------------
----------------------------------------
| time/                   |            |
|    fps                  | 100        |
|    iterations           | 52         |
|    time_elapsed         | 1057       |
|    total_timesteps      | 106496     |
| train/                  |            |
|    approx_kl            | 0.10321988 |
|    clip_fraction        | 0.475      |
|    clip_range           | 0.2        |
|    entropy_loss         | -120       |
|    explained_variance   | 0.0299     |
|    learning_rate        | 0.0003     |
|    loss                 | 12.2       |
|    n_updates            | 510        |
|    policy_gradient_loss | -0.0208    |
|    std                  | 1.01       |
|    value_loss           | 28.9       |
----------------------------------------
-----------------------------------------
| time/                   |             |
|    fps                  | 100         |
|    iterations           | 53          |
|    time_elapsed         | 1082        |
|    total_timesteps      | 108544      |
| train/                  |             |
|    approx_kl            | 0.103258975 |
|    clip_fraction        | 0.487       |
|    clip_range           | 0.2         |
|    entropy_loss         | -120        |
|    explained_variance   | 0.252       |
|    learning_rate        | 0.0003      |
|    loss                 | 13.3        |
|    n_updates            | 520         |
|    policy_gradient_loss | 0.00964     |
|    std                  | 1.01        |
|    value_loss           | 26.3        |
-----------------------------------------
----------------------------------------
| time/                   |            |
|    fps                  | 100        |
|    iterations           | 54         |
|    time_elapsed         | 1103       |
|    total_timesteps      | 110592     |
| train/                  |            |
|    approx_kl            | 0.10583077 |
|    clip_fraction        | 0.549      |
|    clip_range           | 0.2        |
|    entropy_loss         | -120       |
|    explained_variance   | 0.31       |
|    learning_rate        | 0.0003     |
|    loss                 | 17.4       |
|    n_updates            | 530        |
|    policy_gradient_loss | 0.0232     |
|    std                  | 1.01       |
|    value_loss           | 27.3       |
----------------------------------------
----------------------------------------
| time/                   |            |
|    fps                  | 100        |
|    iterations           | 55         |
|    time_elapsed         | 1126       |
|    total_timesteps      | 112640     |
| train/                  |            |
|    approx_kl            | 0.06438045 |
|    clip_fraction        | 0.467      |
|    clip_range           | 0.2        |
|    entropy_loss         | -120       |
|    explained_variance   | 0.508      |
|    learning_rate        | 0.0003     |
|    loss                 | 9.63       |
|    n_updates            | 540        |
|    policy_gradient_loss | -0.0134    |
|    std                  | 1.01       |
|    value_loss           | 23.2       |
----------------------------------------
----------------------------------------
| time/                   |            |
|    fps                  | 99         |
|    iterations           | 56         |
|    time_elapsed         | 1156       |
|    total_timesteps      | 114688     |
| train/                  |            |
|    approx_kl            | 0.09245015 |
|    clip_fraction        | 0.482      |
|    clip_range           | 0.2        |
|    entropy_loss         | -120       |
|    explained_variance   | 0.112      |
|    learning_rate        | 0.0003     |
|    loss                 | 12.9       |
|    n_updates            | 550        |
|    policy_gradient_loss | -0.00808   |
|    std                  | 1.01       |
|    value_loss           | 28.8       |
----------------------------------------
-----------------------------------------
| time/                   |             |
|    fps                  | 99          |
|    iterations           | 57          |
|    time_elapsed         | 1176        |
|    total_timesteps      | 116736      |
| train/                  |             |
|    approx_kl            | 0.044303004 |
|    clip_fraction        | 0.405       |
|    clip_range           | 0.2         |
|    entropy_loss         | -120        |
|    explained_variance   | 0.433       |
|    learning_rate        | 0.0003      |
|    loss                 | 11          |
|    n_updates            | 560         |
|    policy_gradient_loss | -0.0128     |
|    std                  | 1.01        |
|    value_loss           | 22.3        |
-----------------------------------------
-----------------------------------------
| time/                   |             |
|    fps                  | 99          |
|    iterations           | 58          |
|    time_elapsed         | 1199        |
|    total_timesteps      | 118784      |
| train/                  |             |
|    approx_kl            | 0.101237096 |
|    clip_fraction        | 0.503       |
|    clip_range           | 0.2         |
|    entropy_loss         | -120        |
|    explained_variance   | 0.155       |
|    learning_rate        | 0.0003      |
|    loss                 | 6.66        |
|    n_updates            | 570         |
|    policy_gradient_loss | -0.00248    |
|    std                  | 1.01        |
|    value_loss           | 25.9        |
-----------------------------------------
day: 1508, episode: 80
begin_total_asset: 1000000.00
end_total_asset: 2504748.81
total_reward: 1504748.81
total_cost: 310953.10
total_trades: 105197
Sharpe: 1.076
=================================
----------------------------------------
| time/                   |            |
|    fps                  | 98         |
|    iterations           | 59         |
|    time_elapsed         | 1227       |
|    total_timesteps      | 120832     |
| train/                  |            |
|    approx_kl            | 0.10884718 |
|    clip_fraction        | 0.527      |
|    clip_range           | 0.2        |
|    entropy_loss         | -120       |
|    explained_variance   | 0.0937     |
|    learning_rate        | 0.0003     |
|    loss                 | 16.7       |
|    n_updates            | 580        |
|    policy_gradient_loss | 0.0048     |
|    std                  | 1.01       |
|    value_loss           | 26.8       |
----------------------------------------
----------------------------------------
| time/                   |            |
|    fps                  | 98         |
|    iterations           | 60         |
|    time_elapsed         | 1248       |
|    total_timesteps      | 122880     |
| train/                  |            |
|    approx_kl            | 0.08439711 |
|    clip_fraction        | 0.54       |
|    clip_range           | 0.2        |
|    entropy_loss         | -120       |
|    explained_variance   | 0.0172     |
|    learning_rate        | 0.0003     |
|    loss                 | 16.3       |
|    n_updates            | 590        |
|    policy_gradient_loss | -0.000638  |
|    std                  | 1.01       |
|    value_loss           | 29.4       |
----------------------------------------
----------------------------------------
| time/                   |            |
|    fps                  | 98         |
|    iterations           | 61         |
|    time_elapsed         | 1268       |
|    total_timesteps      | 124928     |
| train/                  |            |
|    approx_kl            | 0.09239988 |
|    clip_fraction        | 0.516      |
|    clip_range           | 0.2        |
|    entropy_loss         | -120       |
|    explained_variance   | 0.0156     |
|    learning_rate        | 0.0003     |
|    loss                 | 10.6       |
|    n_updates            | 600        |
|    policy_gradient_loss | -0.00412   |
|    std                  | 1.01       |
|    value_loss           | 26.1       |
----------------------------------------
-----------------------------------------
| time/                   |             |
|    fps                  | 98          |
|    iterations           | 62          |
|    time_elapsed         | 1287        |
|    total_timesteps      | 126976      |
| train/                  |             |
|    approx_kl            | 0.089259215 |
|    clip_fraction        | 0.479       |
|    clip_range           | 0.2         |
|    entropy_loss         | -120        |
|    explained_variance   | 0.214       |
|    learning_rate        | 0.0003      |
|    loss                 | 9.97        |
|    n_updates            | 610         |
|    policy_gradient_loss | -0.00704    |
|    std                  | 1.01        |
|    value_loss           | 25.2        |
-----------------------------------------
----------------------------------------
| time/                   |            |
|    fps                  | 98         |
|    iterations           | 63         |
|    time_elapsed         | 1314       |
|    total_timesteps      | 129024     |
| train/                  |            |
|    approx_kl            | 0.07759221 |
|    clip_fraction        | 0.466      |
|    clip_range           | 0.2        |
|    entropy_loss         | -120       |
|    explained_variance   | 0.00102    |
|    learning_rate        | 0.0003     |
|    loss                 | 48.6       |
|    n_updates            | 620        |
|    policy_gradient_loss | -0.00661   |
|    std                  | 1.01       |
|    value_loss           | 82         |
----------------------------------------
----------------------------------------
| time/                   |            |
|    fps                  | 97         |
|    iterations           | 64         |
|    time_elapsed         | 1338       |
|    total_timesteps      | 131072     |
| train/                  |            |
|    approx_kl            | 0.09588307 |
|    clip_fraction        | 0.549      |
|    clip_range           | 0.2        |
|    entropy_loss         | -120       |
|    explained_variance   | 0.00421    |
|    learning_rate        | 0.0003     |
|    loss                 | 11.8       |
|    n_updates            | 630        |
|    policy_gradient_loss | 0.00287    |
|    std                  | 1.01       |
|    value_loss           | 29.8       |
----------------------------------------
----------------------------------------
| time/                   |            |
|    fps                  | 97         |
|    iterations           | 65         |
|    time_elapsed         | 1361       |
|    total_timesteps      | 133120     |
| train/                  |            |
|    approx_kl            | 0.11238446 |
|    clip_fraction        | 0.552      |
|    clip_range           | 0.2        |
|    entropy_loss         | -120       |
|    explained_variance   | -0.00656   |
|    learning_rate        | 0.0003     |
|    loss                 | 15.9       |
|    n_updates            | 640        |
|    policy_gradient_loss | 0.00542    |
|    std                  | 1.01       |
|    value_loss           | 29.4       |
----------------------------------------
day: 1508, episode: 90
begin_total_asset: 1000000.00
end_total_asset: 2378816.53
total_reward: 1378816.53
total_cost: 243314.64
total_trades: 99157
Sharpe: 1.055
=================================
---------------------------------------
| time/                   |           |
|    fps                  | 97        |
|    iterations           | 66        |
|    time_elapsed         | 1390      |
|    total_timesteps      | 135168    |
| train/                  |           |
|    approx_kl            | 0.0496225 |
|    clip_fraction        | 0.338     |
|    clip_range           | 0.2       |
|    entropy_loss         | -120      |
|    explained_variance   | 0.107     |
|    learning_rate        | 0.0003    |
|    loss                 | 32.5      |
|    n_updates            | 650       |
|    policy_gradient_loss | -0.0208   |
|    std                  | 1.01      |
|    value_loss           | 76.7      |
---------------------------------------
----------------------------------------
| time/                   |            |
|    fps                  | 96         |
|    iterations           | 67         |
|    time_elapsed         | 1419       |
|    total_timesteps      | 137216     |
| train/                  |            |
|    approx_kl            | 0.09366965 |
|    clip_fraction        | 0.44       |
|    clip_range           | 0.2        |
|    entropy_loss         | -120       |
|    explained_variance   | 0.378      |
|    learning_rate        | 0.0003     |
|    loss                 | 12.9       |
|    n_updates            | 660        |
|    policy_gradient_loss | -0.00725   |
|    std                  | 1.01       |
|    value_loss           | 19         |
----------------------------------------
----------------------------------------
| time/                   |            |
|    fps                  | 96         |
|    iterations           | 68         |
|    time_elapsed         | 1444       |
|    total_timesteps      | 139264     |
| train/                  |            |
|    approx_kl            | 0.05511778 |
|    clip_fraction        | 0.425      |
|    clip_range           | 0.2        |
|    entropy_loss         | -120       |
|    explained_variance   | 0.332      |
|    learning_rate        | 0.0003     |
|    loss                 | 13.3       |
|    n_updates            | 670        |
|    policy_gradient_loss | -0.0256    |
|    std                  | 1.01       |
|    value_loss           | 25.4       |
----------------------------------------
----------------------------------------
| time/                   |            |
|    fps                  | 96         |
|    iterations           | 69         |
|    time_elapsed         | 1467       |
|    total_timesteps      | 141312     |
| train/                  |            |
|    approx_kl            | 0.07384965 |
|    clip_fraction        | 0.44       |
|    clip_range           | 0.2        |
|    entropy_loss         | -120       |
|    explained_variance   | 0.399      |
|    learning_rate        | 0.0003     |
|    loss                 | 11         |
|    n_updates            | 680        |
|    policy_gradient_loss | -0.00734   |
|    std                  | 1.01       |
|    value_loss           | 30.3       |
----------------------------------------
----------------------------------------
| time/                   |            |
|    fps                  | 95         |
|    iterations           | 70         |
|    time_elapsed         | 1495       |
|    total_timesteps      | 143360     |
| train/                  |            |
|    approx_kl            | 0.21329266 |
|    clip_fraction        | 0.604      |
|    clip_range           | 0.2        |
|    entropy_loss         | -120       |
|    explained_variance   | 0.599      |
|    learning_rate        | 0.0003     |
|    loss                 | 10.9       |
|    n_updates            | 690        |
|    policy_gradient_loss | 0.0293     |
|    std                  | 1.01       |
|    value_loss           | 23.7       |
----------------------------------------
-----------------------------------------
| time/                   |             |
|    fps                  | 95          |
|    iterations           | 71          |
|    time_elapsed         | 1518        |
|    total_timesteps      | 145408      |
| train/                  |             |
|    approx_kl            | 0.094628826 |
|    clip_fraction        | 0.526       |
|    clip_range           | 0.2         |
|    entropy_loss         | -120        |
|    explained_variance   | 0.394       |
|    learning_rate        | 0.0003      |
|    loss                 | 7.63        |
|    n_updates            | 700         |
|    policy_gradient_loss | 0.0135      |
|    std                  | 1.01        |
|    value_loss           | 23.9        |
-----------------------------------------
-----------------------------------------
| time/                   |             |
|    fps                  | 95          |
|    iterations           | 72          |
|    time_elapsed         | 1540        |
|    total_timesteps      | 147456      |
| train/                  |             |
|    approx_kl            | 0.109629095 |
|    clip_fraction        | 0.548       |
|    clip_range           | 0.2         |
|    entropy_loss         | -120        |
|    explained_variance   | 0.346       |
|    learning_rate        | 0.0003      |
|    loss                 | 6.28        |
|    n_updates            | 710         |
|    policy_gradient_loss | -0.000997   |
|    std                  | 1.01        |
|    value_loss           | 14.4        |
-----------------------------------------
day: 1508, episode: 100
begin_total_asset: 1000000.00
end_total_asset: 2459269.27
total_reward: 1459269.27
total_cost: 226023.85
total_trades: 98269
Sharpe: 1.170
=================================
----------------------------------------
| time/                   |            |
|    fps                  | 95         |
|    iterations           | 73         |
|    time_elapsed         | 1562       |
|    total_timesteps      | 149504     |
| train/                  |            |
|    approx_kl            | 0.10412484 |
|    clip_fraction        | 0.453      |
|    clip_range           | 0.2        |
|    entropy_loss         | -120       |
|    explained_variance   | 0.524      |
|    learning_rate        | 0.0003     |
|    loss                 | 6.53       |
|    n_updates            | 720        |
|    policy_gradient_loss | -0.000887  |
|    std                  | 1.01       |
|    value_loss           | 15         |
----------------------------------------
-----------------------------------------
| time/                   |             |
|    fps                  | 95          |
|    iterations           | 74          |
|    time_elapsed         | 1585        |
|    total_timesteps      | 151552      |
| train/                  |             |
|    approx_kl            | 0.051977124 |
|    clip_fraction        | 0.454       |
|    clip_range           | 0.2         |
|    entropy_loss         | -120        |
|    explained_variance   | 0.648       |
|    learning_rate        | 0.0003      |
|    loss                 | 12.3        |
|    n_updates            | 730         |
|    policy_gradient_loss | -0.0105     |
|    std                  | 1.01        |
|    value_loss           | 23.1        |
-----------------------------------------
----------------------------------------
| time/                   |            |
|    fps                  | 95         |
|    iterations           | 75         |
|    time_elapsed         | 1612       |
|    total_timesteps      | 153600     |
| train/                  |            |
|    approx_kl            | 0.07463968 |
|    clip_fraction        | 0.519      |
|    clip_range           | 0.2        |
|    entropy_loss         | -120       |
|    explained_variance   | -0.00322   |
|    learning_rate        | 0.0003     |
|    loss                 | 12.2       |
|    n_updates            | 740        |
|    policy_gradient_loss | -0.00366   |
|    std                  | 1.01       |
|    value_loss           | 23.7       |
----------------------------------------
-----------------------------------------
| time/                   |             |
|    fps                  | 95          |
|    iterations           | 76          |
|    time_elapsed         | 1635        |
|    total_timesteps      | 155648      |
| train/                  |             |
|    approx_kl            | 0.040659275 |
|    clip_fraction        | 0.409       |
|    clip_range           | 0.2         |
|    entropy_loss         | -120        |
|    explained_variance   | -0.000699   |
|    learning_rate        | 0.0003      |
|    loss                 | 8.05        |
|    n_updates            | 750         |
|    policy_gradient_loss | -0.00939    |
|    std                  | 1.01        |
|    value_loss           | 25.1        |
-----------------------------------------
-----------------------------------------
| time/                   |             |
|    fps                  | 94          |
|    iterations           | 77          |
|    time_elapsed         | 1665        |
|    total_timesteps      | 157696      |
| train/                  |             |
|    approx_kl            | 0.048071317 |
|    clip_fraction        | 0.412       |
|    clip_range           | 0.2         |
|    entropy_loss         | -120        |
|    explained_variance   | 0.0622      |
|    learning_rate        | 0.0003      |
|    loss                 | 16.3        |
|    n_updates            | 760         |
|    policy_gradient_loss | -0.0208     |
|    std                  | 1.01        |
|    value_loss           | 25.3        |
-----------------------------------------
----------------------------------------
| time/                   |            |
|    fps                  | 94         |
|    iterations           | 78         |
|    time_elapsed         | 1689       |
|    total_timesteps      | 159744     |
| train/                  |            |
|    approx_kl            | 0.06012352 |
|    clip_fraction        | 0.413      |
|    clip_range           | 0.2        |
|    entropy_loss         | -120       |
|    explained_variance   | 0.345      |
|    learning_rate        | 0.0003     |
|    loss                 | 15.3       |
|    n_updates            | 770        |
|    policy_gradient_loss | -0.00625   |
|    std                  | 1.01       |
|    value_loss           | 28         |
----------------------------------------
-----------------------------------------
| time/                   |             |
|    fps                  | 94          |
|    iterations           | 79          |
|    time_elapsed         | 1710        |
|    total_timesteps      | 161792      |
| train/                  |             |
|    approx_kl            | 0.064004615 |
|    clip_fraction        | 0.452       |
|    clip_range           | 0.2         |
|    entropy_loss         | -120        |
|    explained_variance   | 0.208       |
|    learning_rate        | 0.0003      |
|    loss                 | 9.61        |
|    n_updates            | 780         |
|    policy_gradient_loss | -0.0112     |
|    std                  | 1.01        |
|    value_loss           | 24.5        |
-----------------------------------------
----------------------------------------
| time/                   |            |
|    fps                  | 94         |
|    iterations           | 80         |
|    time_elapsed         | 1732       |
|    total_timesteps      | 163840     |
| train/                  |            |
|    approx_kl            | 0.11007245 |
|    clip_fraction        | 0.448      |
|    clip_range           | 0.2        |
|    entropy_loss         | -120       |
|    explained_variance   | 0.35       |
|    learning_rate        | 0.0003     |
|    loss                 | 8.99       |
|    n_updates            | 790        |
|    policy_gradient_loss | -0.00695   |
|    std                  | 1.01       |
|    value_loss           | 24.6       |
----------------------------------------
day: 1508, episode: 110
begin_total_asset: 1000000.00
end_total_asset: 2590862.55
total_reward: 1590862.55
total_cost: 215514.98
total_trades: 97139
Sharpe: 1.092
=================================
-----------------------------------------
| time/                   |             |
|    fps                  | 94          |
|    iterations           | 81          |
|    time_elapsed         | 1759        |
|    total_timesteps      | 165888      |
| train/                  |             |
|    approx_kl            | 0.067827664 |
|    clip_fraction        | 0.422       |
|    clip_range           | 0.2         |
|    entropy_loss         | -120        |
|    explained_variance   | 0.186       |
|    learning_rate        | 0.0003      |
|    loss                 | 10.9        |
|    n_updates            | 800         |
|    policy_gradient_loss | -0.00991    |
|    std                  | 1.02        |
|    value_loss           | 16.8        |
-----------------------------------------
----------------------------------------
| time/                   |            |
|    fps                  | 94         |
|    iterations           | 82         |
|    time_elapsed         | 1781       |
|    total_timesteps      | 167936     |
| train/                  |            |
|    approx_kl            | 0.07433947 |
|    clip_fraction        | 0.444      |
|    clip_range           | 0.2        |
|    entropy_loss         | -120       |
|    explained_variance   | 0.493      |
|    learning_rate        | 0.0003     |
|    loss                 | 6.14       |
|    n_updates            | 810        |
|    policy_gradient_loss | -0.0107    |
|    std                  | 1.02       |
|    value_loss           | 17.3       |
----------------------------------------
----------------------------------------
| time/                   |            |
|    fps                  | 94         |
|    iterations           | 83         |
|    time_elapsed         | 1804       |
|    total_timesteps      | 169984     |
| train/                  |            |
|    approx_kl            | 0.08830312 |
|    clip_fraction        | 0.438      |
|    clip_range           | 0.2        |
|    entropy_loss         | -120       |
|    explained_variance   | 0.221      |
|    learning_rate        | 0.0003     |
|    loss                 | 14.2       |
|    n_updates            | 820        |
|    policy_gradient_loss | -0.0154    |
|    std                  | 1.02       |
|    value_loss           | 23.6       |
----------------------------------------
----------------------------------------
| time/                   |            |
|    fps                  | 94         |
|    iterations           | 84         |
|    time_elapsed         | 1825       |
|    total_timesteps      | 172032     |
| train/                  |            |
|    approx_kl            | 0.11476194 |
|    clip_fraction        | 0.446      |
|    clip_range           | 0.2        |
|    entropy_loss         | -120       |
|    explained_variance   | 0.563      |
|    learning_rate        | 0.0003     |
|    loss                 | 8.99       |
|    n_updates            | 830        |
|    policy_gradient_loss | -0.0109    |
|    std                  | 1.02       |
|    value_loss           | 15.9       |
----------------------------------------
----------------------------------------
| time/                   |            |
|    fps                  | 94         |
|    iterations           | 85         |
|    time_elapsed         | 1847       |
|    total_timesteps      | 174080     |
| train/                  |            |
|    approx_kl            | 0.07965028 |
|    clip_fraction        | 0.481      |
|    clip_range           | 0.2        |
|    entropy_loss         | -121       |
|    explained_variance   | 0.291      |
|    learning_rate        | 0.0003     |
|    loss                 | 17.8       |
|    n_updates            | 840        |
|    policy_gradient_loss | -0.00928   |
|    std                  | 1.02       |
|    value_loss           | 28.5       |
----------------------------------------
-----------------------------------------
| time/                   |             |
|    fps                  | 94          |
|    iterations           | 86          |
|    time_elapsed         | 1870        |
|    total_timesteps      | 176128      |
| train/                  |             |
|    approx_kl            | 0.036372975 |
|    clip_fraction        | 0.418       |
|    clip_range           | 0.2         |
|    entropy_loss         | -121        |
|    explained_variance   | 0.358       |
|    learning_rate        | 0.0003      |
|    loss                 | 5.94        |
|    n_updates            | 850         |
|    policy_gradient_loss | -0.00935    |
|    std                  | 1.02        |
|    value_loss           | 16.2        |
-----------------------------------------
----------------------------------------
| time/                   |            |
|    fps                  | 94         |
|    iterations           | 87         |
|    time_elapsed         | 1894       |
|    total_timesteps      | 178176     |
| train/                  |            |
|    approx_kl            | 0.10793443 |
|    clip_fraction        | 0.503      |
|    clip_range           | 0.2        |
|    entropy_loss         | -121       |
|    explained_variance   | 0.166      |
|    learning_rate        | 0.0003     |
|    loss                 | 7.73       |
|    n_updates            | 860        |
|    policy_gradient_loss | -0.00619   |
|    std                  | 1.02       |
|    value_loss           | 19.4       |
----------------------------------------
day: 1508, episode: 120
begin_total_asset: 1000000.00
end_total_asset: 2245197.67
total_reward: 1245197.67
total_cost: 276805.30
total_trades: 102740
Sharpe: 0.958
=================================
---------------------------------------
| time/                   |           |
|    fps                  | 94        |
|    iterations           | 88        |
|    time_elapsed         | 1916      |
|    total_timesteps      | 180224    |
| train/                  |           |
|    approx_kl            | 0.1322157 |
|    clip_fraction        | 0.547     |
|    clip_range           | 0.2       |
|    entropy_loss         | -121      |
|    explained_variance   | 0.0315    |
|    learning_rate        | 0.0003    |
|    loss                 | 19.3      |
|    n_updates            | 870       |
|    policy_gradient_loss | 0.016     |
|    std                  | 1.02      |
|    value_loss           | 28.3      |
---------------------------------------
----------------------------------------
| time/                   |            |
|    fps                  | 93         |
|    iterations           | 89         |
|    time_elapsed         | 1939       |
|    total_timesteps      | 182272     |
| train/                  |            |
|    approx_kl            | 0.07531654 |
|    clip_fraction        | 0.461      |
|    clip_range           | 0.2        |
|    entropy_loss         | -121       |
|    explained_variance   | 0.259      |
|    learning_rate        | 0.0003     |
|    loss                 | 4.9        |
|    n_updates            | 880        |
|    policy_gradient_loss | -0.00374   |
|    std                  | 1.02       |
|    value_loss           | 15         |
----------------------------------------
----------------------------------------
| time/                   |            |
|    fps                  | 93         |
|    iterations           | 90         |
|    time_elapsed         | 1962       |
|    total_timesteps      | 184320     |
| train/                  |            |
|    approx_kl            | 0.07695687 |
|    clip_fraction        | 0.461      |
|    clip_range           | 0.2        |
|    entropy_loss         | -121       |
|    explained_variance   | 0.113      |
|    learning_rate        | 0.0003     |
|    loss                 | 24.2       |
|    n_updates            | 890        |
|    policy_gradient_loss | -0.00941   |
|    std                  | 1.02       |
|    value_loss           | 27.2       |
----------------------------------------
-----------------------------------------
| time/                   |             |
|    fps                  | 93          |
|    iterations           | 91          |
|    time_elapsed         | 1985        |
|    total_timesteps      | 186368      |
| train/                  |             |
|    approx_kl            | 0.060432896 |
|    clip_fraction        | 0.404       |
|    clip_range           | 0.2         |
|    entropy_loss         | -121        |
|    explained_variance   | -0.00731    |
|    learning_rate        | 0.0003      |
|    loss                 | 21.3        |
|    n_updates            | 900         |
|    policy_gradient_loss | -0.0143     |
|    std                  | 1.02        |
|    value_loss           | 34          |
-----------------------------------------
-----------------------------------------
| time/                   |             |
|    fps                  | 93          |
|    iterations           | 92          |
|    time_elapsed         | 2008        |
|    total_timesteps      | 188416      |
| train/                  |             |
|    approx_kl            | 0.052229784 |
|    clip_fraction        | 0.339       |
|    clip_range           | 0.2         |
|    entropy_loss         | -121        |
|    explained_variance   | 0.5         |
|    learning_rate        | 0.0003      |
|    loss                 | 11.3        |
|    n_updates            | 910         |
|    policy_gradient_loss | -0.0168     |
|    std                  | 1.02        |
|    value_loss           | 20.9        |
-----------------------------------------
----------------------------------------
| time/                   |            |
|    fps                  | 93         |
|    iterations           | 93         |
|    time_elapsed         | 2030       |
|    total_timesteps      | 190464     |
| train/                  |            |
|    approx_kl            | 0.04646427 |
|    clip_fraction        | 0.384      |
|    clip_range           | 0.2        |
|    entropy_loss         | -121       |
|    explained_variance   | 0.42       |
|    learning_rate        | 0.0003     |
|    loss                 | 7.02       |
|    n_updates            | 920        |
|    policy_gradient_loss | -0.0119    |
|    std                  | 1.02       |
|    value_loss           | 19.5       |
----------------------------------------
-----------------------------------------
| time/                   |             |
|    fps                  | 93          |
|    iterations           | 94          |
|    time_elapsed         | 2053        |
|    total_timesteps      | 192512      |
| train/                  |             |
|    approx_kl            | 0.043948308 |
|    clip_fraction        | 0.343       |
|    clip_range           | 0.2         |
|    entropy_loss         | -121        |
|    explained_variance   | 0.465       |
|    learning_rate        | 0.0003      |
|    loss                 | 8.23        |
|    n_updates            | 930         |
|    policy_gradient_loss | -0.0222     |
|    std                  | 1.02        |
|    value_loss           | 29.8        |
-----------------------------------------
-----------------------------------------
| time/                   |             |
|    fps                  | 93          |
|    iterations           | 95          |
|    time_elapsed         | 2076        |
|    total_timesteps      | 194560      |
| train/                  |             |
|    approx_kl            | 0.049138602 |
|    clip_fraction        | 0.322       |
|    clip_range           | 0.2         |
|    entropy_loss         | -121        |
|    explained_variance   | 0.641       |
|    learning_rate        | 0.0003      |
|    loss                 | 11.5        |
|    n_updates            | 940         |
|    policy_gradient_loss | -0.0141     |
|    std                  | 1.02        |
|    value_loss           | 23.2        |
-----------------------------------------
day: 1508, episode: 130
begin_total_asset: 1000000.00
end_total_asset: 2591459.91
total_reward: 1591459.91
total_cost: 271315.00
total_trades: 102653
Sharpe: 1.057
=================================
-----------------------------------------
| time/                   |             |
|    fps                  | 93          |
|    iterations           | 96          |
|    time_elapsed         | 2099        |
|    total_timesteps      | 196608      |
| train/                  |             |
|    approx_kl            | 0.067982435 |
|    clip_fraction        | 0.418       |
|    clip_range           | 0.2         |
|    entropy_loss         | -121        |
|    explained_variance   | 0.0843      |
|    learning_rate        | 0.0003      |
|    loss                 | 12.1        |
|    n_updates            | 950         |
|    policy_gradient_loss | -0.0112     |
|    std                  | 1.02        |
|    value_loss           | 26.7        |
-----------------------------------------
----------------------------------------
| time/                   |            |
|    fps                  | 93         |
|    iterations           | 97         |
|    time_elapsed         | 2124       |
|    total_timesteps      | 198656     |
| train/                  |            |
|    approx_kl            | 0.07488622 |
|    clip_fraction        | 0.39       |
|    clip_range           | 0.2        |
|    entropy_loss         | -121       |
|    explained_variance   | 0.705      |
|    learning_rate        | 0.0003     |
|    loss                 | 9.05       |
|    n_updates            | 960        |
|    policy_gradient_loss | -0.00864   |
|    std                  | 1.02       |
|    value_loss           | 23.4       |
----------------------------------------
---------------------------------------
| time/                   |           |
|    fps                  | 93        |
|    iterations           | 98        |
|    time_elapsed         | 2145      |
|    total_timesteps      | 200704    |
| train/                  |           |
|    approx_kl            | 0.0867864 |
|    clip_fraction        | 0.406     |
|    clip_range           | 0.2       |
|    entropy_loss         | -121      |
|    explained_variance   | 0.708     |
|    learning_rate        | 0.0003    |
|    loss                 | 17.8      |
|    n_updates            | 970       |
|    policy_gradient_loss | -0.00366  |
|    std                  | 1.02      |
|    value_loss           | 27.2      |
---------------------------------------
Training finished and saved in trained_models/agent_ppo_deepseek_combined.pth
