===============================
472704.pbshpc
cice009.hpc.iitd.ac.in
===============================
conda env activating
Using cpu device
---------------------------------
| time/              |          |
|    episodes        | 4        |
|    fps             | 26       |
|    time_elapsed    | 230      |
|    total_timesteps | 6036     |
| train/             |          |
|    actor_loss      | -616     |
|    critic_loss     | 148      |
|    ent_coef        | 0.294    |
|    ent_coef_loss   | -169     |
|    learning_rate   | 0.0003   |
|    n_updates       | 5035     |
---------------------------------
---------------------------------
| time/              |          |
|    episodes        | 8        |
|    fps             | 23       |
|    time_elapsed    | 503      |
|    total_timesteps | 12072    |
| train/             |          |
|    actor_loss      | -822     |
|    critic_loss     | 57.5     |
|    ent_coef        | 0.0535   |
|    ent_coef_loss   | -252     |
|    learning_rate   | 0.0003   |
|    n_updates       | 11071    |
---------------------------------
day: 1508, episode: 10
begin_total_asset: 1000000.00
end_total_asset: 3131361.55
total_reward: 2131361.55
total_cost: 4107.43
total_trades: 75664
Sharpe: 1.250
=================================
---------------------------------
| time/              |          |
|    episodes        | 12       |
|    fps             | 23       |
|    time_elapsed    | 779      |
|    total_timesteps | 18108    |
| train/             |          |
|    actor_loss      | -681     |
|    critic_loss     | 23.2     |
|    ent_coef        | 0.0135   |
|    ent_coef_loss   | -66.6    |
|    learning_rate   | 0.0003   |
|    n_updates       | 17107    |
---------------------------------
---------------------------------
| time/              |          |
|    episodes        | 16       |
|    fps             | 22       |
|    time_elapsed    | 1058     |
|    total_timesteps | 24144    |
| train/             |          |
|    actor_loss      | -544     |
|    critic_loss     | 24.4     |
|    ent_coef        | 0.00647  |
|    ent_coef_loss   | -1.84    |
|    learning_rate   | 0.0003   |
|    n_updates       | 23143    |
---------------------------------
day: 1508, episode: 20
begin_total_asset: 1000000.00
end_total_asset: 3065682.85
total_reward: 2065682.85
total_cost: 2324.84
total_trades: 81352
Sharpe: 1.231
=================================
---------------------------------
| time/              |          |
|    episodes        | 20       |
|    fps             | 22       |
|    time_elapsed    | 1340     |
|    total_timesteps | 30180    |
| train/             |          |
|    actor_loss      | -415     |
|    critic_loss     | 7.38     |
|    ent_coef        | 0.00349  |
|    ent_coef_loss   | 14.4     |
|    learning_rate   | 0.0003   |
|    n_updates       | 29179    |
---------------------------------
---------------------------------
| time/              |          |
|    episodes        | 24       |
|    fps             | 22       |
|    time_elapsed    | 1627     |
|    total_timesteps | 36216    |
| train/             |          |
|    actor_loss      | -322     |
|    critic_loss     | 15.5     |
|    ent_coef        | 0.00232  |
|    ent_coef_loss   | -5.9     |
|    learning_rate   | 0.0003   |
|    n_updates       | 35215    |
---------------------------------
---------------------------------
| time/              |          |
|    episodes        | 28       |
|    fps             | 22       |
|    time_elapsed    | 1913     |
|    total_timesteps | 42252    |
| train/             |          |
|    actor_loss      | -253     |
|    critic_loss     | 6.28     |
|    ent_coef        | 0.00175  |
|    ent_coef_loss   | 6.16     |
|    learning_rate   | 0.0003   |
|    n_updates       | 41251    |
---------------------------------
day: 1508, episode: 30
begin_total_asset: 1000000.00
end_total_asset: 2852376.58
total_reward: 1852376.58
total_cost: 1974.07
total_trades: 80770
Sharpe: 1.124
=================================
---------------------------------
| time/              |          |
|    episodes        | 32       |
|    fps             | 21       |
|    time_elapsed    | 2197     |
|    total_timesteps | 48288    |
| train/             |          |
|    actor_loss      | -199     |
|    critic_loss     | 4.03     |
|    ent_coef        | 0.00142  |
|    ent_coef_loss   | 7.17     |
|    learning_rate   | 0.0003   |
|    n_updates       | 47287    |
---------------------------------
---------------------------------
| time/              |          |
|    episodes        | 36       |
|    fps             | 21       |
|    time_elapsed    | 2480     |
|    total_timesteps | 54324    |
| train/             |          |
|    actor_loss      | -141     |
|    critic_loss     | 5.27     |
|    ent_coef        | 0.00115  |
|    ent_coef_loss   | -9.51    |
|    learning_rate   | 0.0003   |
|    n_updates       | 53323    |
---------------------------------
day: 1508, episode: 40
begin_total_asset: 1000000.00
end_total_asset: 2727325.51
total_reward: 1727325.51
total_cost: 1570.31
total_trades: 78068
Sharpe: 1.085
=================================
---------------------------------
| time/              |          |
|    episodes        | 40       |
|    fps             | 21       |
|    time_elapsed    | 2763     |
|    total_timesteps | 60360    |
| train/             |          |
|    actor_loss      | -106     |
|    critic_loss     | 1.72     |
|    ent_coef        | 0.0011   |
|    ent_coef_loss   | -6.29    |
|    learning_rate   | 0.0003   |
|    n_updates       | 59359    |
---------------------------------
---------------------------------
| time/              |          |
|    episodes        | 44       |
|    fps             | 21       |
|    time_elapsed    | 3047     |
|    total_timesteps | 66396    |
| train/             |          |
|    actor_loss      | -90.6    |
|    critic_loss     | 2.53     |
|    ent_coef        | 0.000828 |
|    ent_coef_loss   | 0.491    |
|    learning_rate   | 0.0003   |
|    n_updates       | 65395    |
---------------------------------
---------------------------------
| time/              |          |
|    episodes        | 48       |
|    fps             | 21       |
|    time_elapsed    | 3334     |
|    total_timesteps | 72432    |
| train/             |          |
|    actor_loss      | -68.9    |
|    critic_loss     | 1.16     |
|    ent_coef        | 0.000612 |
|    ent_coef_loss   | 4.48     |
|    learning_rate   | 0.0003   |
|    n_updates       | 71431    |
---------------------------------
day: 1508, episode: 50
begin_total_asset: 1000000.00
end_total_asset: 2968661.15
total_reward: 1968661.15
total_cost: 2656.64
total_trades: 81469
Sharpe: 1.161
=================================
---------------------------------
| time/              |          |
|    episodes        | 52       |
|    fps             | 21       |
|    time_elapsed    | 3626     |
|    total_timesteps | 78468    |
| train/             |          |
|    actor_loss      | -48.7    |
|    critic_loss     | 2.36     |
|    ent_coef        | 0.000439 |
|    ent_coef_loss   | -7.72    |
|    learning_rate   | 0.0003   |
|    n_updates       | 77467    |
---------------------------------
---------------------------------
| time/              |          |
|    episodes        | 56       |
|    fps             | 21       |
|    time_elapsed    | 3932     |
|    total_timesteps | 84504    |
| train/             |          |
|    actor_loss      | -34.4    |
|    critic_loss     | 0.849    |
|    ent_coef        | 0.000322 |
|    ent_coef_loss   | 9.22     |
|    learning_rate   | 0.0003   |
|    n_updates       | 83503    |
---------------------------------
day: 1508, episode: 60
begin_total_asset: 1000000.00
end_total_asset: 2835823.27
total_reward: 1835823.27
total_cost: 1961.60
total_trades: 73116
Sharpe: 1.157
=================================
---------------------------------
| time/              |          |
|    episodes        | 60       |
|    fps             | 21       |
|    time_elapsed    | 4252     |
|    total_timesteps | 90540    |
| train/             |          |
|    actor_loss      | -26      |
|    critic_loss     | 0.692    |
|    ent_coef        | 0.000279 |
|    ent_coef_loss   | 10.2     |
|    learning_rate   | 0.0003   |
|    n_updates       | 89539    |
---------------------------------
---------------------------------
| time/              |          |
|    episodes        | 64       |
|    fps             | 21       |
|    time_elapsed    | 4580     |
|    total_timesteps | 96576    |
| train/             |          |
|    actor_loss      | -16.5    |
|    critic_loss     | 0.74     |
|    ent_coef        | 0.000278 |
|    ent_coef_loss   | 9.34     |
|    learning_rate   | 0.0003   |
|    n_updates       | 95575    |
---------------------------------
---------------------------------
| time/              |          |
|    episodes        | 68       |
|    fps             | 20       |
|    time_elapsed    | 4910     |
|    total_timesteps | 102612   |
| train/             |          |
|    actor_loss      | -11.2    |
|    critic_loss     | 0.548    |
|    ent_coef        | 0.00023  |
|    ent_coef_loss   | -8.87    |
|    learning_rate   | 0.0003   |
|    n_updates       | 101611   |
---------------------------------
day: 1508, episode: 70
begin_total_asset: 1000000.00
end_total_asset: 3173368.55
total_reward: 2173368.55
total_cost: 3025.87
total_trades: 72016
Sharpe: 1.275
=================================
---------------------------------
| time/              |          |
|    episodes        | 72       |
|    fps             | 20       |
|    time_elapsed    | 5243     |
|    total_timesteps | 108648   |
| train/             |          |
|    actor_loss      | -8.42    |
|    critic_loss     | 0.448    |
|    ent_coef        | 0.000175 |
|    ent_coef_loss   | 0.844    |
|    learning_rate   | 0.0003   |
|    n_updates       | 107647   |
---------------------------------
---------------------------------
| time/              |          |
|    episodes        | 76       |
|    fps             | 20       |
|    time_elapsed    | 5578     |
|    total_timesteps | 114684   |
| train/             |          |
|    actor_loss      | -5.24    |
|    critic_loss     | 0.387    |
|    ent_coef        | 0.000168 |
|    ent_coef_loss   | -5.14    |
|    learning_rate   | 0.0003   |
|    n_updates       | 113683   |
---------------------------------
day: 1508, episode: 80
begin_total_asset: 1000000.00
end_total_asset: 2868950.89
total_reward: 1868950.89
total_cost: 1702.27
total_trades: 69297
Sharpe: 1.195
=================================
---------------------------------
| time/              |          |
|    episodes        | 80       |
|    fps             | 20       |
|    time_elapsed    | 5915     |
|    total_timesteps | 120720   |
| train/             |          |
|    actor_loss      | -2.59    |
|    critic_loss     | 0.362    |
|    ent_coef        | 0.000159 |
|    ent_coef_loss   | 2.38     |
|    learning_rate   | 0.0003   |
|    n_updates       | 119719   |
---------------------------------
---------------------------------
| time/              |          |
|    episodes        | 84       |
|    fps             | 20       |
|    time_elapsed    | 6250     |
|    total_timesteps | 126756   |
| train/             |          |
|    actor_loss      | -0.857   |
|    critic_loss     | 0.315    |
|    ent_coef        | 0.000168 |
|    ent_coef_loss   | 21.9     |
|    learning_rate   | 0.0003   |
|    n_updates       | 125755   |
---------------------------------
---------------------------------
| time/              |          |
|    episodes        | 88       |
|    fps             | 20       |
|    time_elapsed    | 6589     |
|    total_timesteps | 132792   |
| train/             |          |
|    actor_loss      | -0.362   |
|    critic_loss     | 0.319    |
|    ent_coef        | 0.000167 |
|    ent_coef_loss   | 14.8     |
|    learning_rate   | 0.0003   |
|    n_updates       | 131791   |
---------------------------------
day: 1508, episode: 90
begin_total_asset: 1000000.00
end_total_asset: 2785732.66
total_reward: 1785732.66
total_cost: 1606.93
total_trades: 72485
Sharpe: 1.132
=================================
---------------------------------
| time/              |          |
|    episodes        | 92       |
|    fps             | 19       |
|    time_elapsed    | 6960     |
|    total_timesteps | 138828   |
| train/             |          |
|    actor_loss      | -0.499   |
|    critic_loss     | 0.318    |
|    ent_coef        | 0.00017  |
|    ent_coef_loss   | 10.6     |
|    learning_rate   | 0.0003   |
|    n_updates       | 137827   |
---------------------------------
---------------------------------
| time/              |          |
|    episodes        | 96       |
|    fps             | 19       |
|    time_elapsed    | 7306     |
|    total_timesteps | 144864   |
| train/             |          |
|    actor_loss      | 2.39     |
|    critic_loss     | 0.238    |
|    ent_coef        | 0.000153 |
|    ent_coef_loss   | -16.6    |
|    learning_rate   | 0.0003   |
|    n_updates       | 143863   |
---------------------------------
day: 1508, episode: 100
begin_total_asset: 1000000.00
end_total_asset: 2736713.74
total_reward: 1736713.74
total_cost: 1631.87
total_trades: 75124
Sharpe: 1.115
=================================
---------------------------------
| time/              |          |
|    episodes        | 100      |
|    fps             | 19       |
|    time_elapsed    | 7646     |
|    total_timesteps | 150900   |
| train/             |          |
|    actor_loss      | -0.149   |
|    critic_loss     | 0.251    |
|    ent_coef        | 0.000155 |
|    ent_coef_loss   | -1.91    |
|    learning_rate   | 0.0003   |
|    n_updates       | 149899   |
---------------------------------
---------------------------------
| time/              |          |
|    episodes        | 104      |
|    fps             | 19       |
|    time_elapsed    | 7987     |
|    total_timesteps | 156936   |
| train/             |          |
|    actor_loss      | 0.864    |
|    critic_loss     | 0.21     |
|    ent_coef        | 0.000174 |
|    ent_coef_loss   | -16.4    |
|    learning_rate   | 0.0003   |
|    n_updates       | 155935   |
---------------------------------
---------------------------------
| time/              |          |
|    episodes        | 108      |
|    fps             | 19       |
|    time_elapsed    | 8328     |
|    total_timesteps | 162972   |
| train/             |          |
|    actor_loss      | -1.3     |
|    critic_loss     | 0.206    |
|    ent_coef        | 0.00017  |
|    ent_coef_loss   | -1.38    |
|    learning_rate   | 0.0003   |
|    n_updates       | 161971   |
---------------------------------
day: 1508, episode: 110
begin_total_asset: 1000000.00
end_total_asset: 2968077.50
total_reward: 1968077.50
total_cost: 1932.80
total_trades: 75888
Sharpe: 1.218
=================================
---------------------------------
| time/              |          |
|    episodes        | 112      |
|    fps             | 19       |
|    time_elapsed    | 8677     |
|    total_timesteps | 169008   |
| train/             |          |
|    actor_loss      | 0.568    |
|    critic_loss     | 0.261    |
|    ent_coef        | 0.000182 |
|    ent_coef_loss   | 11.5     |
|    learning_rate   | 0.0003   |
|    n_updates       | 168007   |
---------------------------------
---------------------------------
| time/              |          |
|    episodes        | 116      |
|    fps             | 19       |
|    time_elapsed    | 9035     |
|    total_timesteps | 175044   |
| train/             |          |
|    actor_loss      | -0.325   |
|    critic_loss     | 0.255    |
|    ent_coef        | 0.000197 |
|    ent_coef_loss   | -12      |
|    learning_rate   | 0.0003   |
|    n_updates       | 174043   |
---------------------------------
day: 1508, episode: 120
begin_total_asset: 1000000.00
end_total_asset: 2826072.91
total_reward: 1826072.91
total_cost: 1880.93
total_trades: 79078
Sharpe: 1.159
=================================
---------------------------------
| time/              |          |
|    episodes        | 120      |
|    fps             | 19       |
|    time_elapsed    | 9394     |
|    total_timesteps | 181080   |
| train/             |          |
|    actor_loss      | -0.79    |
|    critic_loss     | 0.195    |
|    ent_coef        | 0.000198 |
|    ent_coef_loss   | -0.695   |
|    learning_rate   | 0.0003   |
|    n_updates       | 180079   |
---------------------------------
---------------------------------
| time/              |          |
|    episodes        | 124      |
|    fps             | 19       |
|    time_elapsed    | 9746     |
|    total_timesteps | 187116   |
| train/             |          |
|    actor_loss      | -0.633   |
|    critic_loss     | 0.202    |
|    ent_coef        | 0.0002   |
|    ent_coef_loss   | -13.2    |
|    learning_rate   | 0.0003   |
|    n_updates       | 186115   |
---------------------------------
---------------------------------
| time/              |          |
|    episodes        | 128      |
|    fps             | 19       |
|    time_elapsed    | 10088    |
|    total_timesteps | 193152   |
| train/             |          |
|    actor_loss      | -0.379   |
|    critic_loss     | 0.164    |
|    ent_coef        | 0.000201 |
|    ent_coef_loss   | -10.8    |
|    learning_rate   | 0.0003   |
|    n_updates       | 192151   |
---------------------------------
day: 1508, episode: 130
begin_total_asset: 1000000.00
end_total_asset: 2867215.49
total_reward: 1867215.49
total_cost: 1820.84
total_trades: 76758
Sharpe: 1.161
=================================
---------------------------------
| time/              |          |
|    episodes        | 132      |
|    fps             | 19       |
|    time_elapsed    | 10430    |
|    total_timesteps | 199188   |
| train/             |          |
|    actor_loss      | -2.98    |
|    critic_loss     | 0.23     |
|    ent_coef        | 0.000196 |
|    ent_coef_loss   | 1.85     |
|    learning_rate   | 0.0003   |
|    n_updates       | 198187   |
---------------------------------
Training finished and saved in trained_models/agent_sac_vanilla.pth
