Traceback (most recent call last):
  File "/scratch/ee/phd/eez228470/nllb_600m/navya/temp/greengraphs/rl_agents/sac_train_risk.py", line 66, in <module>
    model.learn(total_timesteps=200000)
  File "/home/ee/phd/eez228470/anaconda3/envs/greengraphs/lib/python3.11/site-packages/stable_baselines3/sac/sac.py", line 308, in learn
    return super().learn(
           ^^^^^^^^^^^^^^
  File "/home/ee/phd/eez228470/anaconda3/envs/greengraphs/lib/python3.11/site-packages/stable_baselines3/common/off_policy_algorithm.py", line 328, in learn
    rollout = self.collect_rollouts(
              ^^^^^^^^^^^^^^^^^^^^^^
  File "/home/ee/phd/eez228470/anaconda3/envs/greengraphs/lib/python3.11/site-packages/stable_baselines3/common/off_policy_algorithm.py", line 557, in collect_rollouts
    actions, buffer_actions = self._sample_action(learning_starts, action_noise, env.num_envs)
                              ^^^^^^^^^^^^^^^^^^^^^^^^^^^^^^^^^^^^^^^^^^^^^^^^^^^^^^^^^^^^^^^^
  File "/home/ee/phd/eez228470/anaconda3/envs/greengraphs/lib/python3.11/site-packages/stable_baselines3/common/off_policy_algorithm.py", line 390, in _sample_action
    unscaled_action, _ = self.predict(self._last_obs, deterministic=False)
                         ^^^^^^^^^^^^^^^^^^^^^^^^^^^^^^^^^^^^^^^^^^^^^^^^^
  File "/home/ee/phd/eez228470/anaconda3/envs/greengraphs/lib/python3.11/site-packages/stable_baselines3/common/base_class.py", line 557, in predict
    return self.policy.predict(observation, state, episode_start, deterministic)
           ^^^^^^^^^^^^^^^^^^^^^^^^^^^^^^^^^^^^^^^^^^^^^^^^^^^^^^^^^^^^^^^^^^^^^
  File "/home/ee/phd/eez228470/anaconda3/envs/greengraphs/lib/python3.11/site-packages/stable_baselines3/common/policies.py", line 368, in predict
    actions = self._predict(obs_tensor, deterministic=deterministic)
              ^^^^^^^^^^^^^^^^^^^^^^^^^^^^^^^^^^^^^^^^^^^^^^^^^^^^^^
  File "/home/ee/phd/eez228470/anaconda3/envs/greengraphs/lib/python3.11/site-packages/stable_baselines3/sac/policies.py", line 353, in _predict
    return self.actor(observation, deterministic)
           ^^^^^^^^^^^^^^^^^^^^^^^^^^^^^^^^^^^^^^
  File "/home/ee/phd/eez228470/anaconda3/envs/greengraphs/lib/python3.11/site-packages/torch/nn/modules/module.py", line 1739, in _wrapped_call_impl
    return self._call_impl(*args, **kwargs)
           ^^^^^^^^^^^^^^^^^^^^^^^^^^^^^^^^
  File "/home/ee/phd/eez228470/anaconda3/envs/greengraphs/lib/python3.11/site-packages/torch/nn/modules/module.py", line 1750, in _call_impl
    return forward_call(*args, **kwargs)
           ^^^^^^^^^^^^^^^^^^^^^^^^^^^^^
  File "/home/ee/phd/eez228470/anaconda3/envs/greengraphs/lib/python3.11/site-packages/stable_baselines3/sac/policies.py", line 170, in forward
    return self.action_dist.actions_from_params(mean_actions, log_std, deterministic=deterministic, **kwargs)
           ^^^^^^^^^^^^^^^^^^^^^^^^^^^^^^^^^^^^^^^^^^^^^^^^^^^^^^^^^^^^^^^^^^^^^^^^^^^^^^^^^^^^^^^^^^^^^^^^^^
  File "/home/ee/phd/eez228470/anaconda3/envs/greengraphs/lib/python3.11/site-packages/stable_baselines3/common/distributions.py", line 190, in actions_from_params
    self.proba_distribution(mean_actions, log_std)
  File "/home/ee/phd/eez228470/anaconda3/envs/greengraphs/lib/python3.11/site-packages/stable_baselines3/common/distributions.py", line 224, in proba_distribution
    super().proba_distribution(mean_actions, log_std)
  File "/home/ee/phd/eez228470/anaconda3/envs/greengraphs/lib/python3.11/site-packages/stable_baselines3/common/distributions.py", line 164, in proba_distribution
    self.distribution = Normal(mean_actions, action_std)
                        ^^^^^^^^^^^^^^^^^^^^^^^^^^^^^^^^
  File "/home/ee/phd/eez228470/anaconda3/envs/greengraphs/lib/python3.11/site-packages/torch/distributions/normal.py", line 59, in __init__
    super().__init__(batch_shape, validate_args=validate_args)
  File "/home/ee/phd/eez228470/anaconda3/envs/greengraphs/lib/python3.11/site-packages/torch/distributions/distribution.py", line 71, in __init__
    raise ValueError(
ValueError: Expected parameter loc (Tensor of shape (1, 84)) of distribution Normal(loc: torch.Size([1, 84]), scale: torch.Size([1, 84])) to satisfy the constraint Real(), but found invalid values:
tensor([[nan, nan, nan, nan, nan, nan, nan, nan, nan, nan, nan, nan, nan, nan, nan, nan, nan, nan, nan, nan, nan, nan, nan, nan,
         nan, nan, nan, nan, nan, nan, nan, nan, nan, nan, nan, nan, nan, nan, nan, nan, nan, nan, nan, nan, nan, nan, nan, nan,
         nan, nan, nan, nan, nan, nan, nan, nan, nan, nan, nan, nan, nan, nan, nan, nan, nan, nan, nan, nan, nan, nan, nan, nan,
         nan, nan, nan, nan, nan, nan, nan, nan, nan, nan, nan, nan]])
/scratch/ee/phd/eez228470/nllb_600m/navya/temp/greengraphs/rl_agents/sac_train_risk.py:27: FutureWarning: A value is trying to be set on a copy of a DataFrame or Series through chained assignment using an inplace method.
The behavior will change in pandas 3.0. This inplace method will never work because the intermediate object on which we are setting values always behaves as a copy.

For example, when doing 'df[col].method(value, inplace=True)', try using 'df.method({col: value}, inplace=True)' or df[col] = df[col].method(value) instead, to perform the operation inplace on the original object.


  train['llm_risk'].fillna(0, inplace=True)
